// Jest Snapshot v1, https://goo.gl/fbAQLP

// THIS FILE HAS BEEN MODIFIED FROM THE ORIGINAL SOURCE
// This comment only applies to modifications applied after the f421eec40b5a9f31383591e30bef86724afcd2b3 commit
// Copyright 2020 LogRhythm, Inc
// Licensed under the LogRhythm Global End User License Agreement,
// which can be found through this page: https://logrhythm.com/about/logrhythm-terms-and-conditions/

exports[`ScriptingDisabledCallOut should render normally 1`] = `
<Fragment>
  <EuiCallOut
    color="danger"
    iconType="alert"
    title={
      <FormattedMessage
        defaultMessage="Scripting disabled"
        description="Showing the status that scripting is disabled in Elasticsearch. Not an update message, that it JUST got disabled."
        id="common.ui.fieldEditor.disabledCallOutHeader"
        values={Object {}}
      />
    }
  >
    <p>
      <FormattedMessage
        defaultMessage="All inline scripting has been disabled in Elasticsearch. You must enable inline scripting for at least one language in order to use scripted fields in NetMon-UI."
        id="common.ui.fieldEditor.disabledCallOutLabel"
        values={Object {}}
      />
    </p>
  </EuiCallOut>
  <EuiSpacer
    size="m"
  />
</Fragment>
`;

exports[`ScriptingDisabledCallOut should render nothing if not visible 1`] = `""`;
