// Jest Snapshot v1, https://goo.gl/fbAQLP

// THIS FILE HAS BEEN MODIFIED FROM THE ORIGINAL SOURCE
// This comment only applies to modifications applied after the f421eec40b5a9f31383591e30bef86724afcd2b3 commit
// Copyright 2020 LogRhythm, Inc
// Licensed under the LogRhythm Global End User License Agreement,
// which can be found through this page: https://logrhythm.com/about/logrhythm-terms-and-conditions/

exports[`ScriptingWarningCallOut should render normally 1`] = `
<Fragment>
  <EuiCallOut
    color="warning"
    iconType="alert"
    title={
      <FormattedMessage
        defaultMessage="Proceed with caution"
        id="common.ui.fieldEditor.warningCallOutHeader"
        values={Object {}}
      />
    }
  >
    <p>
      <FormattedMessage
        defaultMessage="Please familiarize yourself with {scripFields} and with {scriptsInAggregation} before using scripted fields."
        id="common.ui.fieldEditor.warningCallOutLabel.callOutDetail"
        values={
          Object {
            "scripFields": <ForwardRef
              href="(docLink for scriptedFields.scriptFields)"
              target="_blank"
            >
              <FormattedMessage
                defaultMessage="script fields"
                id="common.ui.fieldEditor.warningCallOutLabel.scripFieldsLink"
                values={Object {}}
              />
               
              <EuiIcon
                type="link"
              />
            </ForwardRef>,
            "scriptsInAggregation": <ForwardRef
              href="(docLink for scriptedFields.scriptAggs)"
              target="_blank"
            >
              <FormattedMessage
                defaultMessage="scripts in aggregations"
                id="common.ui.fieldEditor.warningCallOutLabel.scriptsInAggregationLink"
                values={Object {}}
              />
               
              <EuiIcon
                type="link"
              />
            </ForwardRef>,
          }
        }
      />
    </p>
    <p>
      <FormattedMessage
        defaultMessage="Scripted fields can be used to display and aggregate calculated values. As such, they can be very slow, and if done incorrectly, can cause NetMon-UI to be unusable. There's no safety net here. If you make a typo, unexpected exceptions will be thrown all over the place!"
        id="common.ui.fieldEditor.warningCallOut.descriptionLabel"
        values={Object {}}
      />
    </p>
  </EuiCallOut>
  <EuiSpacer
    size="m"
  />
</Fragment>
`;

exports[`ScriptingWarningCallOut should render nothing if not visible 1`] = `""`;
