// Jest Snapshot v1, https://goo.gl/fbAQLP

// THIS FILE HAS BEEN MODIFIED FROM THE ORIGINAL SOURCE
// This comment only applies to modifications applied after the f421eec40b5a9f31383591e30bef86724afcd2b3 commit
// Copyright 2020 LogRhythm, Inc
// Licensed under the LogRhythm Global End User License Agreement,
// which can be found through this page: https://logrhythm.com/about/logrhythm-terms-and-conditions/

exports[`render 1`] = `
<EuiFlexGroup
  alignItems="center"
  justifyContent="spaceBetween"
  style={
    Object {
      "flexGrow": 0,
    }
  }
>
  <EuiFlexItem
    grow={false}
  >
    <EuiTitle>
      <h2>
        <FormattedMessage
          defaultMessage="NetMon-UI status is {kibanaStatus}"
          id="statusPage.serverStatus.statusTitle"
          values={
            Object {
              "kibanaStatus": <EuiBadge
                color="secondary"
              >
                Green
              </EuiBadge>,
            }
          }
        />
      </h2>
    </EuiTitle>
  </EuiFlexItem>
  <EuiFlexItem
    grow={false}
  >
    <EuiText>
      <p>
        My Computer
      </p>
    </EuiText>
  </EuiFlexItem>
</EuiFlexGroup>
`;
